// Vitest Snapshot v1, https://vitest.dev/guide/snapshot.html

exports[`ContentPanel > should render widgets without provided layout 1`] = `
<div>
  <div
    class="css-k7yy55"
    widths="100"
  >
    <div
      class="css-1cpn397"
    >
      <div
        class="css-13i8pdy"
        widths="100"
      >
        <div
          class="css-18wpp0e"
        >
          <div
            data-testid="widget"
          >
            widget-1
          </div>
        </div>
      </div>
      <div
        class="css-13i8pdy"
        widths="100"
      >
        <div
          class="css-18wpp0e"
        >
          <div
            data-testid="widget"
          >
            widget-2
          </div>
        </div>
      </div>
    </div>
  </div>
</div>
`;
