// Vitest Snapshot v1, https://vitest.dev/guide/snapshot.html

exports[`WidgetModel > getExecutePivotQueryParams > getChartProps > should return chart props for table widget 1`] = `
{
  "chartType": "table",
  "dataOptions": {
    "columns": [
      {
        "column": {
          "__serializable": "DimensionalElement",
          "dataSource": {
            "address": "localHost",
            "database": "aSampleIAAaHealthcare",
            "fullname": "LocalHost/Sample Healthcare",
            "id": "localhost_aSampleIAAaHealthcare",
            "title": "Sample Healthcare",
          },
          "desc": "",
          "expression": "[Diagnosis.Description]",
          "name": "DIAGNOSIS",
          "type": "text-attribute",
        },
        "isColored": false,
        "sortType": "sortNone",
      },
      {
        "column": {
          "__serializable": "DimensionalElement",
          "aggregation": "countDistinct",
          "attribute": {
            "__serializable": "DimensionalElement",
            "dataSource": {
              "address": "localHost",
              "database": "aSampleIAAaHealthcare",
              "fullname": "LocalHost/Sample Healthcare",
              "id": "localhost_aSampleIAAaHealthcare",
              "title": "Sample Healthcare",
            },
            "desc": "",
            "expression": "[Admissions.Patient_ID]",
            "name": "# PATIENTS",
            "type": "numeric-attribute",
          },
          "dataSource": undefined,
          "desc": "",
          "name": "# PATIENTS",
          "sort": 0,
          "type": "basemeasure",
        },
        "numberFormatConfig": {
          "billion": false,
          "decimalScale": "auto",
          "kilo": false,
          "million": false,
          "name": "Numbers",
          "prefix": false,
          "symbol": undefined,
          "thousandSeparator": true,
          "trillion": false,
        },
        "sortType": "sortNone",
        "width": 134,
      },
      {
        "column": {
          "__serializable": "DimensionalElement",
          "aggregation": "avg",
          "attribute": {
            "__serializable": "DimensionalElement",
            "dataSource": {
              "address": "localHost",
              "database": "aSampleIAAaHealthcare",
              "fullname": "LocalHost/Sample Healthcare",
              "id": "localhost_aSampleIAAaHealthcare",
              "title": "Sample Healthcare",
            },
            "desc": "",
            "expression": "[Admissions.Cost_of_admission]",
            "name": "AVG COST",
            "type": "numeric-attribute",
          },
          "dataSource": undefined,
          "desc": "",
          "name": "AVG COST",
          "sort": 0,
          "type": "basemeasure",
        },
        "numberFormatConfig": {
          "billion": false,
          "decimalScale": 0,
          "kilo": false,
          "million": false,
          "name": "Currency",
          "prefix": true,
          "symbol": "$",
          "thousandSeparator": undefined,
          "trillion": false,
        },
        "sortType": "sortNone",
        "width": 182,
      },
    ],
  },
  "dataSet": {
    "address": "localHost",
    "id": "localhost_aSampleIAAaHealthcare",
    "title": "Sample Healthcare",
    "type": "elasticube",
  },
  "filters": [
    {
      "__serializable": "DimensionalElement",
      "attribute": {
        "__serializable": "DimensionalElement",
        "dataSource": {
          "address": "localHost",
          "database": "aSampleIAAaHealthcare",
          "fullname": "LocalHost/Sample Healthcare",
          "id": "localhost_aSampleIAAaHealthcare",
          "title": "Sample Healthcare",
        },
        "desc": "",
        "expression": "[Diagnosis.Description]",
        "name": "DESCRIPTION",
        "type": "text-attribute",
      },
      "count": 10,
      "dataSource": undefined,
      "desc": "",
      "filterType": "ranking",
      "measure": {
        "__serializable": "DimensionalElement",
        "aggregation": "countDistinct",
        "attribute": {
          "__serializable": "DimensionalElement",
          "dataSource": undefined,
          "desc": "",
          "expression": "[Admissions.Patient_ID]",
          "name": "Patient_ID",
          "type": "numeric-attribute",
        },
        "dataSource": undefined,
        "desc": "",
        "name": "countDistinct Patient_ID",
        "sort": 0,
        "type": "basemeasure",
      },
      "name": "7a707cfbd72",
      "operator": "top",
      "type": "filter",
    },
  ],
  "styleOptions": {
    "columns": {
      "alternatingColor": {
        "enabled": false,
      },
    },
    "header": {
      "color": {
        "enabled": true,
      },
    },
    "rows": {
      "alternatingColor": {
        "enabled": true,
      },
    },
  },
}
`;
