// Vitest Snapshot v1, https://vitest.dev/guide/snapshot.html

exports[`CascadingFilterTile > should render a locked CascadingFilterTile component 1`] = `
<div>
  <div
    class="css-xhbwdz"
  >
    <div
      class="css-l4aa93"
      style="min-width: 216px; background-color: rgb(255, 255, 255);"
    >
      <main
        style="color: rgb(91, 99, 114); position: relative;"
      >
        <div
          class="csdk-border-0 csdk-border-b csdk-border-solid"
          style="border-bottom-color: rgba(232, 232, 232, 1);"
        >
          <div
            class="css-xhbwdz"
          >
            <div
              class="css-n759pn"
              style="min-width: 216px; background-color: rgb(255, 255, 255);"
            >
              <header
                class="css-1yqya5g"
                style="color: rgb(91, 99, 114);"
              >
                <svg
                  fill="#b4b4b4"
                  height="22"
                  viewBox="0 0 22 22"
                  width="22"
                  xmlns="http://www.w3.org/2000/svg"
                >
                  <g
                    transform="translate(5.000000,5.000000) scale(.70, 0.6)"
                  >
                    <path
                      d="m3,9v11h14V9M4,9V6c0-3.3 2.7-6 6-6c3.3,0 6,2.7 6,6v3H14V6c0-2.2-1.8-4-4-4-2.2,0-4,1.8-4,4v3"
                    />
                    <rect
                      fill="#dcdcdc"
                      height="9"
                      width="12"
                      x="4"
                      y="10"
                    />
                  </g>
                </svg>
                <span
                  class="csdk-text-[13px] csdk-mt-[6px] csdk-mb-[4px] csdk-ml-[7px] csdk-leading-[16px]"
                  style="color: rgb(91, 99, 114);"
                >
                  Gender
                </span>
              </header>
              <main
                style="color: rgb(91, 99, 114); position: relative;"
              >
                <div
                  class="csdk-flex csdk-flex-wrap csdk-p-3 csdk-gap-[5px]"
                >
                  <button
                    class="css-sc98s6"
                  >
                    Include all
                  </button>
                </div>
                <div
                  style="position: absolute; top: 4px; left: 4px; right: 4px; bottom: 4px; background-color: white; opacity: 0.5;"
                />
              </main>
            </div>
          </div>
        </div>
        <div
          class=""
        >
          <div
            class="css-xhbwdz"
          >
            <div
              class="css-n759pn"
              style="min-width: 214px; background-color: rgb(255, 255, 255);"
            >
              <div
                class="csdk-flex csdk-justify-center"
                data-testid="triangle-indicator"
              >
                <div
                  class="csdk-border-l-[70px] csdk-border-l-[transparent] csdk-border-r-[70px] csdk-border-r-[transparent] csdk-border-t-[13px]"
                  style="border-top-color: rgba(232, 232, 232, 1);"
                />
              </div>
              <header
                class="css-1yqya5g"
                style="color: rgb(91, 99, 114);"
              >
                <span
                  class="csdk-text-[13px] csdk-mt-[6px] csdk-mb-[4px] csdk-ml-[7px] csdk-leading-[16px]"
                  style="color: rgb(91, 99, 114);"
                >
                  AgeRange
                </span>
              </header>
              <main
                style="color: rgb(91, 99, 114); position: relative;"
              >
                <div
                  class="csdk-flex csdk-flex-wrap csdk-p-3 csdk-gap-[5px]"
                >
                  <button
                    class="css-sc98s6"
                  >
                    0-18
                  </button>
                </div>
                <div
                  style="position: absolute; top: 4px; left: 4px; right: 4px; bottom: 4px; background-color: white; opacity: 0.5;"
                />
              </main>
            </div>
          </div>
        </div>
      </main>
      <footer
        class="css-1wpi5bx"
      />
    </div>
  </div>
</div>
`;
