// Vitest Snapshot v1, https://vitest.dev/guide/snapshot.html

exports[`ChartWidget > should render table widget 1`] = `
<div>
  <div
    style="width: 100%; height: 100%;"
  >
    <div
      style="width: 400px; height: 525px; position: relative;"
    >
      <div
        style="position: absolute; top: 0px; right: 0px; bottom: 0px; left: 0px;"
      >
        <div
          class="csdk-w-full csdk-h-full csdk-overflow-hidden"
        >
          <div
            class="csdk-h-full"
            style="padding: 0px;"
          >
            <div
              class="csdk-h-full csdk-overflow-hidden"
              style="border-width: 0px; border-color: #9ea2ab; border-radius: 0; box-shadow: none; display: flex; flex-direction: column;"
            >
              <div
                class="csdk-flex csdk-flex-row csdk-items-center csdk-px-2 csdk-min-h-[32px]"
                style="background-color: rgb(255, 255, 255);"
              >
                <div
                  class="csdk-w-full csdk-whitespace-nowrap csdk-overflow-hidden"
                  style="text-align: left; color: rgb(91, 99, 114); font-family: "Open Sans","Roboto","Helvetica","Arial",sans-serif; font-size: 15px;"
                >
                  Chart widget title
                </div>
                <div
                  class="csdk-ml-auto csdk-flex csdk-items-center"
                >
                  <button
                    aria-label="Click to view full details"
                    class="MuiButtonBase-root MuiIconButton-root MuiIconButton-sizeMedium css-av538e-MuiButtonBase-root-MuiIconButton-root"
                    data-mui-internal-clone-element="true"
                    style="color: rgb(0, 0, 0); font-family: "Open Sans","Roboto","Helvetica","Arial",sans-serif;"
                    tabindex="0"
                    type="button"
                  >
                    <svg
                      height="24"
                      viewBox="0 0 24 24"
                      width="24"
                      xmlns="http://www.w3.org/2000/svg"
                    >
                      <path
                        d="M11.5 20a7.5 7.5 0 1 1 0-15 7.5 7.5 0 0 1 0 15zm0-1a6.5 6.5 0 1 0 0-13 6.5 6.5 0 0 0 0 13zm-.5-8h1v5h-1v-5zm0-1v-.998h1V10h-1z"
                        fill="#5B6372"
                      />
                    </svg>
                    <span
                      class="MuiTouchRipple-root css-8je8zh-MuiTouchRipple-root"
                    />
                  </button>
                </div>
              </div>
              <div
                style="flex-grow: 1; min-width: 0; min-height: 0; background-color: rgb(255, 255, 255);"
              >
                <div
                  style="width: 100%; height: 100%;"
                >
                  <div
                    style="width: 400px; height: 500px; position: relative;"
                  >
                    <div
                      style="position: absolute; top: 0px; right: 0px; bottom: 0px; left: 0px;"
                    >
                      <div
                        aria-label="table-root"
                        style="display: flex; flex-direction: column; align-items: center; background-color: rgb(255, 255, 255);"
                      >
                        <div
                          class="_component_2a48df"
                        >
                          <div
                            class="_tableWrapper_4b88bf"
                            style="padding: 20px 20px;"
                          >
                            <div
                              aria-rowcount="3"
                              class="_table_4b88bf fixedDataTableLayout_main public_fixedDataTable_main"
                              role="grid"
                              style="height: 460px; width: 360px;"
                            >
                              <div
                                class="fixedDataTableLayout_rowsContainer"
                                style="height: 458px; width: 360px;"
                              >
                                <div
                                  class="fixedDataTableColumnResizerLineLayout_main fixedDataTableColumnResizerLineLayout_hiddenElem public_fixedDataTableColumnResizerLine_main"
                                  style="width: 0px; height: 460px; left: 0px;"
                                >
                                  <div
                                    class="fixedDataTableColumnResizerLineLayout_mouseArea"
                                    style="height: 460px;"
                                  />
                                </div>
                                <div
                                  class="fixedDataTableRowLayout_rowWrapper"
                                  style="width: 360px; height: 26px; z-index: 1; visibility: visible; transform: translate3d(0px,0px,0);"
                                >
                                  <div
                                    aria-rowindex="1"
                                    class="fixedDataTableRowLayout_main public_fixedDataTableRow_main fixedDataTableLayout_header public_fixedDataTable_header"
                                    role="row"
                                    style="width: 360px; height: 26px;"
                                  >
                                    <div
                                      class="fixedDataTableRowLayout_body"
                                    >
                                      <div
                                        class="fixedDataTableCellGroupLayout_cellGroupWrapper"
                                        style="height: 26px; width: 0px; left: 0px;"
                                      >
                                        <div
                                          class="fixedDataTableCellGroupLayout_cellGroup"
                                          style="height: 26px; position: absolute; width: 0px; z-index: 2; transform: translate3d(0px,0px,0);"
                                        />
                                      </div>
                                      <div
                                        class="fixedDataTableCellGroupLayout_cellGroupWrapper"
                                        style="height: 26px; width: 360px; left: 0px;"
                                      >
                                        <div
                                          class="fixedDataTableCellGroupLayout_cellGroup"
                                          style="height: 26px; position: absolute; width: 252px; z-index: 0; transform: translate3d(0px,0px,0);"
                                        >
                                          <div
                                            class="fixedDataTableCellLayout_main public_fixedDataTableCell_main"
                                            role="columnheader"
                                            style="height: 26px; width: 126px; left: 0px;"
                                          >
                                            <div
                                              class="fixedDataTableCellLayout_wrap1 public_fixedDataTableCell_wrap1 _tableHeader_4b88bf"
                                              style="height: 26px; width: 126px; color: rgb(0, 0, 0); background-color: rgb(255, 255, 255); font-family: "Open Sans","Roboto","Helvetica","Arial",sans-serif;"
                                            >
                                              <div
                                                class="fixedDataTableCellLayout_wrap2 public_fixedDataTableCell_wrap2"
                                              >
                                                <div
                                                  class="fixedDataTableCellLayout_wrap3 public_fixedDataTableCell_wrap3"
                                                >
                                                  <div
                                                    class="public_fixedDataTableCell_cellContent"
                                                  >
                                                    <div
                                                      class="_headerCell_d9b667"
                                                    >
                                                      <div
                                                        class="_headerLabel_d9b667"
                                                      >
                                                        <div
                                                          class="_tableCellContent_4b88bf"
                                                          style="max-width: 90px;"
                                                        >
                                                          <div>
                                                            Age Range
                                                          </div>
                                                        </div>
                                                      </div>
                                                      <div
                                                        class="_sortIcon_d9b667 _caret_d9b667 _noSort_d9b667"
                                                      />
                                                    </div>
                                                  </div>
                                                </div>
                                              </div>
                                            </div>
                                          </div>
                                          <div
                                            class="fixedDataTableCellLayout_main fixedDataTableCellLayout_alignRight public_fixedDataTableCell_alignRight public_fixedDataTableCell_main"
                                            role="columnheader"
                                            style="height: 26px; width: 126px; left: 126px;"
                                          >
                                            <div
                                              class="fixedDataTableCellLayout_wrap1 public_fixedDataTableCell_wrap1 _tableHeader_4b88bf"
                                              style="height: 26px; width: 126px; color: rgb(0, 0, 0); background-color: rgb(255, 255, 255); font-family: "Open Sans","Roboto","Helvetica","Arial",sans-serif;"
                                            >
                                              <div
                                                class="fixedDataTableCellLayout_wrap2 public_fixedDataTableCell_wrap2"
                                              >
                                                <div
                                                  class="fixedDataTableCellLayout_wrap3 public_fixedDataTableCell_wrap3"
                                                >
                                                  <div
                                                    class="public_fixedDataTableCell_cellContent"
                                                  >
                                                    <div
                                                      class="_headerCell_d9b667"
                                                    >
                                                      <div
                                                        class="_headerLabel_d9b667"
                                                      >
                                                        <div
                                                          class="_tableCellContent_4b88bf"
                                                          style="max-width: 90px;"
                                                        >
                                                          <div>
                                                            Revenue
                                                          </div>
                                                        </div>
                                                      </div>
                                                      <div
                                                        class="_sortIcon_d9b667 _caret_d9b667 _noSort_d9b667"
                                                      />
                                                    </div>
                                                  </div>
                                                </div>
                                              </div>
                                            </div>
                                          </div>
                                        </div>
                                      </div>
                                      <div
                                        class=""
                                        style="left: 0px; height: 26px;"
                                      />
                                      <div
                                        class="fixedDataTableCellGroupLayout_cellGroupWrapper"
                                        style="height: 26px; width: 0px; left: 360px;"
                                      >
                                        <div
                                          class="fixedDataTableCellGroupLayout_cellGroup"
                                          style="height: 26px; position: absolute; width: 0px; z-index: 2; transform: translate3d(0px,0px,0);"
                                        />
                                      </div>
                                    </div>
                                  </div>
                                </div>
                                <div
                                  style="transform: translate3d(0px,26px,0);"
                                >
                                  <div
                                    class="fixedDataTableRowLayout_rowWrapper"
                                    style="width: 360px; height: 26px; z-index: 0; visibility: visible; transform: translate3d(0px,0px,0);"
                                  >
                                    <div
                                      aria-rowindex="2"
                                      class="fixedDataTableRowLayout_main public_fixedDataTableRow_main public_fixedDataTableRow_even public_fixedDataTable_bodyRow"
                                      role="row"
                                      style="width: 360px; height: 26px;"
                                    >
                                      <div
                                        class="fixedDataTableRowLayout_body"
                                      >
                                        <div
                                          class="fixedDataTableCellGroupLayout_cellGroupWrapper"
                                          style="height: 26px; width: 0px; left: 0px;"
                                        >
                                          <div
                                            class="fixedDataTableCellGroupLayout_cellGroup"
                                            style="height: 26px; position: absolute; width: 0px; z-index: 2; transform: translate3d(0px,0px,0);"
                                          />
                                        </div>
                                        <div
                                          class="fixedDataTableCellGroupLayout_cellGroupWrapper"
                                          style="height: 26px; width: 360px; left: 0px;"
                                        >
                                          <div
                                            class="fixedDataTableCellGroupLayout_cellGroup"
                                            style="height: 26px; position: absolute; width: 252px; z-index: 0; transform: translate3d(0px,0px,0);"
                                          >
                                            <div
                                              class="fixedDataTableCellLayout_main public_fixedDataTableCell_main"
                                              role="gridcell"
                                              style="height: 26px; width: 126px; left: 0px;"
                                            >
                                              <div
                                                class="fixedDataTableCellLayout_wrap1 public_fixedDataTableCell_wrap1 _tableCell_4b88bf"
                                                style="height: 26px; width: 126px; color: rgb(0, 0, 0); background-color: rgb(255, 255, 255); font-family: "Open Sans","Roboto","Helvetica","Arial",sans-serif;"
                                              >
                                                <div
                                                  class="fixedDataTableCellLayout_wrap2 public_fixedDataTableCell_wrap2"
                                                >
                                                  <div
                                                    class="fixedDataTableCellLayout_wrap3 public_fixedDataTableCell_wrap3"
                                                  >
                                                    <div
                                                      class="public_fixedDataTableCell_cellContent"
                                                    >
                                                      <div
                                                        class="_tableCellContent_4b88bf"
                                                        style="max-width: 102px;"
                                                      >
                                                        <div>
                                                          19-24
                                                        </div>
                                                      </div>
                                                    </div>
                                                  </div>
                                                </div>
                                              </div>
                                            </div>
                                            <div
                                              class="fixedDataTableCellLayout_main fixedDataTableCellLayout_alignRight public_fixedDataTableCell_alignRight public_fixedDataTableCell_main"
                                              role="gridcell"
                                              style="height: 26px; width: 126px; left: 126px;"
                                            >
                                              <div
                                                class="fixedDataTableCellLayout_wrap1 public_fixedDataTableCell_wrap1 _tableCell_4b88bf"
                                                style="height: 26px; width: 126px; color: rgb(0, 0, 0); background-color: rgb(255, 255, 255); font-family: "Open Sans","Roboto","Helvetica","Arial",sans-serif;"
                                              >
                                                <div
                                                  class="fixedDataTableCellLayout_wrap2 public_fixedDataTableCell_wrap2"
                                                >
                                                  <div
                                                    class="fixedDataTableCellLayout_wrap3 public_fixedDataTableCell_wrap3"
                                                  >
                                                    <div
                                                      class="public_fixedDataTableCell_cellContent"
                                                    >
                                                      <div
                                                        class="_tableCellContent_4b88bf"
                                                        style="max-width: 102px;"
                                                      >
                                                        <div>
                                                          43.98
                                                        </div>
                                                      </div>
                                                    </div>
                                                  </div>
                                                </div>
                                              </div>
                                            </div>
                                          </div>
                                        </div>
                                        <div
                                          class=""
                                          style="left: 0px; height: 26px;"
                                        />
                                        <div
                                          class="fixedDataTableCellGroupLayout_cellGroupWrapper"
                                          style="height: 26px; width: 0px; left: 360px;"
                                        >
                                          <div
                                            class="fixedDataTableCellGroupLayout_cellGroup"
                                            style="height: 26px; position: absolute; width: 0px; z-index: 2; transform: translate3d(0px,0px,0);"
                                          />
                                        </div>
                                      </div>
                                    </div>
                                  </div>
                                  <div
                                    class="fixedDataTableRowLayout_rowWrapper"
                                    style="width: 360px; height: 26px; z-index: 0; visibility: visible; transform: translate3d(0px,26px,0);"
                                  >
                                    <div
                                      aria-rowindex="3"
                                      class="fixedDataTableRowLayout_main public_fixedDataTableRow_main public_fixedDataTableRow_highlighted public_fixedDataTableRow_odd public_fixedDataTable_bodyRow fixedDataTableLayout_hasBottomBorder public_fixedDataTable_hasBottomBorder"
                                      role="row"
                                      style="width: 360px; height: 26px;"
                                    >
                                      <div
                                        class="fixedDataTableRowLayout_body"
                                      >
                                        <div
                                          class="fixedDataTableCellGroupLayout_cellGroupWrapper"
                                          style="height: 26px; width: 0px; left: 0px;"
                                        >
                                          <div
                                            class="fixedDataTableCellGroupLayout_cellGroup"
                                            style="height: 26px; position: absolute; width: 0px; z-index: 2; transform: translate3d(0px,0px,0);"
                                          />
                                        </div>
                                        <div
                                          class="fixedDataTableCellGroupLayout_cellGroupWrapper"
                                          style="height: 26px; width: 360px; left: 0px;"
                                        >
                                          <div
                                            class="fixedDataTableCellGroupLayout_cellGroup"
                                            style="height: 26px; position: absolute; width: 252px; z-index: 0; transform: translate3d(0px,0px,0);"
                                          >
                                            <div
                                              class="fixedDataTableCellLayout_main public_fixedDataTableCell_main"
                                              role="gridcell"
                                              style="height: 26px; width: 126px; left: 0px;"
                                            >
                                              <div
                                                class="fixedDataTableCellLayout_wrap1 public_fixedDataTableCell_wrap1 _tableCell_4b88bf"
                                                style="height: 26px; width: 126px; color: rgb(0, 0, 0); background-color: rgb(255, 255, 255); font-family: "Open Sans","Roboto","Helvetica","Arial",sans-serif;"
                                              >
                                                <div
                                                  class="fixedDataTableCellLayout_wrap2 public_fixedDataTableCell_wrap2"
                                                >
                                                  <div
                                                    class="fixedDataTableCellLayout_wrap3 public_fixedDataTableCell_wrap3"
                                                  >
                                                    <div
                                                      class="public_fixedDataTableCell_cellContent"
                                                    >
                                                      <div
                                                        class="_tableCellContent_4b88bf"
                                                        style="max-width: 102px;"
                                                      >
                                                        <div>
                                                          65+
                                                        </div>
                                                      </div>
                                                    </div>
                                                  </div>
                                                </div>
                                              </div>
                                            </div>
                                            <div
                                              class="fixedDataTableCellLayout_main fixedDataTableCellLayout_alignRight public_fixedDataTableCell_alignRight public_fixedDataTableCell_main"
                                              role="gridcell"
                                              style="height: 26px; width: 126px; left: 126px;"
                                            >
                                              <div
                                                class="fixedDataTableCellLayout_wrap1 public_fixedDataTableCell_wrap1 _tableCell_4b88bf"
                                                style="height: 26px; width: 126px; color: rgb(0, 0, 0); background-color: rgb(255, 255, 255); font-family: "Open Sans","Roboto","Helvetica","Arial",sans-serif;"
                                              >
                                                <div
                                                  class="fixedDataTableCellLayout_wrap2 public_fixedDataTableCell_wrap2"
                                                >
                                                  <div
                                                    class="fixedDataTableCellLayout_wrap3 public_fixedDataTableCell_wrap3"
                                                  >
                                                    <div
                                                      class="public_fixedDataTableCell_cellContent"
                                                    >
                                                      <div
                                                        class="_tableCellContent_4b88bf"
                                                        style="max-width: 102px;"
                                                      >
                                                        <div>
                                                          62.8
                                                        </div>
                                                      </div>
                                                    </div>
                                                  </div>
                                                </div>
                                              </div>
                                            </div>
                                          </div>
                                        </div>
                                        <div
                                          class=""
                                          style="left: 0px; height: 26px;"
                                        />
                                        <div
                                          class="fixedDataTableCellGroupLayout_cellGroupWrapper"
                                          style="height: 26px; width: 0px; left: 360px;"
                                        >
                                          <div
                                            class="fixedDataTableCellGroupLayout_cellGroup"
                                            style="height: 26px; position: absolute; width: 0px; z-index: 2; transform: translate3d(0px,0px,0);"
                                          />
                                        </div>
                                      </div>
                                    </div>
                                  </div>
                                </div>
                              </div>
                            </div>
                          </div>
                        </div>
                      </div>
                    </div>
                  </div>
                </div>
              </div>
            </div>
          </div>
        </div>
      </div>
    </div>
  </div>
</div>
`;
