// Vitest Snapshot v1, https://vitest.dev/guide/snapshot.html

exports[`DrilldownWidget > renders breadcrumbs by default when there is a current drilldown dimension 1`] = `
[
  <span
    class="mr-2"
  >
    Category (drilldown.breadcrumbsAllSuffix)
  </span>,
  <button
    class="MuiButtonBase-root MuiButton-root MuiButton-text MuiButton-textPrimary MuiButton-sizeMedium MuiButton-textSizeMedium MuiButton-colorPrimary MuiButton-root MuiButton-text MuiButton-textPrimary MuiButton-sizeMedium MuiButton-textSizeMedium MuiButton-colorPrimary css-1qfib76-MuiButtonBase-root-MuiButton-root"
    tabindex="0"
    type="button"
  >
    Category
     (
    drilldown.breadcrumbsAllSuffix
    )
    <span
      class="flex items-center justify-between"
    >
      <span
        class="csdk-absolute csdk-right-[0px] csdk-top-[3px] csdk-h-[18px] csdk-w-[18px] csdk-transform csdk-translate-x-1/2 csdk-rotate-45"
        style="background-color: transparent; border-top: 1px solid #F2F2F2; border-right: 1px solid #F2F2F2;"
      />
    </span>
  </button>,
]
`;
