// Vitest Snapshot v1, https://vitest.dev/guide/snapshot.html

exports[`PivotTableWidget > should render empty pivot table widget 1`] = `
<div>
  <div
    style="width: 800px; height: 100%;"
  >
    <div
      style="width: 800px; height: 525px; position: relative;"
    >
      <div
        style="position: absolute; top: 0px; right: 0px; bottom: 0px; left: 0px;"
      >
        <div
          class="csdk-w-full csdk-h-full csdk-overflow-hidden"
        >
          <div
            class="csdk-h-full"
            style="padding: 0px;"
          >
            <div
              class="csdk-h-full csdk-overflow-hidden"
              style="border-width: 1px; border-color: lightgrey; border-radius: 0; box-shadow: none; display: flex; flex-direction: column;"
            >
              <div
                class="csdk-flex csdk-flex-row csdk-items-center csdk-px-2 csdk-min-h-[32px]"
                style="background-color: rgb(255, 255, 255);"
              >
                <div
                  class="csdk-text-left csdk-w-full csdk-whitespace-nowrap csdk-overflow-hidden"
                  style="color: rgb(0, 0, 0); font-family: "Open Sans","Roboto","Helvetica","Arial",sans-serif; font-size: 15px;"
                >
                  Pivot table widget title
                </div>
                <div
                  class="csdk-ml-auto csdk-flex csdk-items-center"
                >
                  <button
                    aria-label="Click to view full details"
                    class="MuiButtonBase-root MuiIconButton-root MuiIconButton-sizeMedium css-av538e-MuiButtonBase-root-MuiIconButton-root"
                    data-mui-internal-clone-element="true"
                    style="background-color: rgb(255, 255, 255);"
                    tabindex="0"
                    type="button"
                  >
                    <svg
                      height="24"
                      viewBox="0 0 24 24"
                      width="24"
                      xmlns="http://www.w3.org/2000/svg"
                    >
                      <path
                        d="M11.5 20a7.5 7.5 0 1 1 0-15 7.5 7.5 0 0 1 0 15zm0-1a6.5 6.5 0 1 0 0-13 6.5 6.5 0 0 0 0 13zm-.5-8h1v5h-1v-5zm0-1v-.998h1V10h-1z"
                        fill="#000000"
                      />
                    </svg>
                    <span
                      class="MuiTouchRipple-root css-8je8zh-MuiTouchRipple-root"
                    />
                  </button>
                </div>
              </div>
              <div
                style="flex-grow: 1; min-width: 0; min-height: 0; background-color: rgb(255, 255, 255);"
              >
                <div
                  style="width: 100%; height: 100%;"
                >
                  <div
                    style="width: 400px; height: 525px; position: relative;"
                  >
                    <div
                      style="position: absolute; top: 0px; right: 0px; bottom: 0px; left: 0px;"
                    >
                      <div
                        class="csdk-relative csdk-h-full"
                        id="overlay"
                      >
                        <div
                          aria-label="pivot-table-root"
                        />
                      </div>
                    </div>
                  </div>
                </div>
              </div>
            </div>
          </div>
        </div>
      </div>
    </div>
  </div>
</div>
`;
