// Vitest Snapshot v1, https://vitest.dev/guide/snapshot.html

exports[`PluginWidget > renders plugin when plugin is found 1`] = `
[
  {
    "dataOptions": {
      "someProp": [],
    },
    "dataSource": "Sample ECommerce",
    "description": undefined,
    "filters": [],
    "highlights": [],
    "pluginType": "my-plugin",
    "styleOptions": {
      "someStyle": "value",
    },
    "title": "My awesome plugin",
  },
]
`;
