// Vitest Snapshot v1, https://vitest.dev/guide/snapshot.html

exports[`TableWidget Component > renders Table with correct props 1`] = `
{
  "dataOptions": {
    "columns": [],
  },
  "dataSet": "Sample ECommerce",
  "filters": [
    {
      "__serializable": "DimensionalElement",
      "attribute": {
        "__serializable": "DimensionalElement",
        "dataSource": {
          "live": false,
          "title": "Sample ECommerce",
        },
        "desc": "",
        "expression": "[Commerce.Condition]",
        "name": "Condition",
        "type": "text-attribute",
      },
      "dataSource": undefined,
      "desc": "",
      "filterType": "members",
      "members": [
        "Used",
        "Refurbished",
      ],
      "name": "28400200b58",
      "type": "filter",
    },
  ],
  "refreshCounter": 0,
  "styleOptions": {
    "header": {
      "hidden": false,
    },
  },
}
`;
