// Vitest Snapshot v1, https://vitest.dev/guide/snapshot.html

exports[`Treemap Chart labels formatter > should prepare big label 1`] = `
"<div
              style="
                width:96px;
                height: 20px;
                background: #e6e6e6;
                color: rgb(43, 51, 66);
                padding: 3px;
                position: absolute;
                top: -20px;
                text-align: center;
                overflow: hidden;
                text-overflow: ellipsis;
                left: 2px;
                "
           >Test</div>"
`;

exports[`Treemap Chart labels formatter > should prepare small label 1`] = `"<div style="fill:rgb(43, 51, 66);">Test</div>"`;

exports[`Treemap Chart labels formatter > should prepare small label with light label text 1`] = `"<div style="fill:rgb(255, 255, 255);">Test</div>"`;

exports[`Treemap Chart labels formatter > should skip big label in case of point small size 1`] = `""`;

exports[`Treemap Chart labels formatter > should skip small label in case of point small size 1`] = `""`;
