// Vitest Snapshot v1, https://vitest.dev/guide/snapshot.html

exports[`getDimensionsFromDataSourceFields > should return a list of dimensions 1`] = `
[
  {
    "__serializable": "DimensionalDimension",
    "attributes": [
      {
        "__serializable": "DimensionalAttribute",
        "composeCode": "DM.Brand.Brand",
        "dataSource": {
          "live": false,
          "title": "Sample ECommerce",
        },
        "description": "",
        "expression": "[Brand.Brand]",
        "name": "Brand",
        "type": "text-attribute",
      },
      {
        "__serializable": "DimensionalAttribute",
        "composeCode": "DM.Brand.BrandID",
        "dataSource": {
          "live": false,
          "title": "Sample ECommerce",
        },
        "description": "",
        "expression": "[Brand.Brand ID]",
        "name": "Brand ID",
        "type": "numeric-attribute",
      },
    ],
    "composeCode": "DM.ran.",
    "dataSource": undefined,
    "description": "",
    "dimensions": [],
    "expression": "Brand",
    "name": "Brand",
    "sort": 0,
    "type": "textdimension",
  },
  {
    "__serializable": "DimensionalDimension",
    "attributes": [
      {
        "__serializable": "DimensionalAttribute",
        "composeCode": "DM.Category.Category",
        "dataSource": {
          "live": false,
          "title": "Sample ECommerce",
        },
        "description": "",
        "expression": "[Category.Category]",
        "name": "Category",
        "type": "text-attribute",
      },
      {
        "__serializable": "DimensionalAttribute",
        "composeCode": "DM.Category.CategoryID",
        "dataSource": {
          "live": false,
          "title": "Sample ECommerce",
        },
        "description": "",
        "expression": "[Category.Category ID]",
        "name": "Category ID",
        "type": "numeric-attribute",
      },
    ],
    "composeCode": "DM.ategor.",
    "dataSource": undefined,
    "description": "",
    "dimensions": [],
    "expression": "Category",
    "name": "Category",
    "sort": 0,
    "type": "textdimension",
  },
  {
    "__serializable": "DimensionalDimension",
    "attributes": [
      {
        "__serializable": "DimensionalAttribute",
        "composeCode": "DM.Commerce.AgeRange",
        "dataSource": {
          "live": false,
          "title": "Sample ECommerce",
        },
        "description": "",
        "expression": "[Commerce.Age Range]",
        "name": "Age Range",
        "type": "text-attribute",
      },
      {
        "__serializable": "DimensionalAttribute",
        "composeCode": "DM.Commerce.BrandID",
        "dataSource": {
          "live": false,
          "title": "Sample ECommerce",
        },
        "description": "",
        "expression": "[Commerce.Brand ID]",
        "name": "Brand ID",
        "type": "numeric-attribute",
      },
      {
        "__serializable": "DimensionalAttribute",
        "composeCode": "DM.Commerce.CategoryID",
        "dataSource": {
          "live": false,
          "title": "Sample ECommerce",
        },
        "description": "",
        "expression": "[Commerce.Category ID]",
        "name": "Category ID",
        "type": "numeric-attribute",
      },
      {
        "__serializable": "DimensionalAttribute",
        "composeCode": "DM.Commerce.Condition",
        "dataSource": {
          "live": false,
          "title": "Sample ECommerce",
        },
        "description": "",
        "expression": "[Commerce.Condition]",
        "name": "Condition",
        "type": "text-attribute",
      },
      {
        "__serializable": "DimensionalAttribute",
        "composeCode": "DM.Commerce.Cost",
        "dataSource": {
          "live": false,
          "title": "Sample ECommerce",
        },
        "description": "",
        "expression": "[Commerce.Cost]",
        "name": "Cost",
        "type": "numeric-attribute",
      },
      {
        "__serializable": "DimensionalAttribute",
        "composeCode": "DM.Commerce.CountryID",
        "dataSource": {
          "live": false,
          "title": "Sample ECommerce",
        },
        "description": "",
        "expression": "[Commerce.Country ID]",
        "name": "Country ID",
        "type": "numeric-attribute",
      },
      {
        "__serializable": "DimensionalAttribute",
        "composeCode": "DM.Commerce.Gender",
        "dataSource": {
          "live": false,
          "title": "Sample ECommerce",
        },
        "description": "",
        "expression": "[Commerce.Gender]",
        "name": "Gender",
        "type": "text-attribute",
      },
      {
        "__serializable": "DimensionalAttribute",
        "composeCode": "DM.Commerce.Quantity",
        "dataSource": {
          "live": false,
          "title": "Sample ECommerce",
        },
        "description": "",
        "expression": "[Commerce.Quantity]",
        "name": "Quantity",
        "type": "numeric-attribute",
      },
      {
        "__serializable": "DimensionalAttribute",
        "composeCode": "DM.Commerce.Revenue",
        "dataSource": {
          "live": false,
          "title": "Sample ECommerce",
        },
        "description": "",
        "expression": "[Commerce.Revenue]",
        "name": "Revenue",
        "type": "numeric-attribute",
      },
      {
        "__serializable": "DimensionalAttribute",
        "composeCode": "DM.Commerce.VisitID",
        "dataSource": {
          "live": false,
          "title": "Sample ECommerce",
        },
        "description": "",
        "expression": "[Commerce.Visit ID]",
        "name": "Visit ID",
        "type": "numeric-attribute",
      },
    ],
    "composeCode": "DM.ommerc.",
    "dataSource": undefined,
    "description": "",
    "dimensions": [
      {
        "__serializable": "DimensionalDateDimension",
        "attributes": [
          {
            "__serializable": "DimensionalLevelAttribute",
            "composeCode": "DM.Commerce.Date.Years",
            "dataSource": {
              "live": false,
              "title": "Sample ECommerce",
            },
            "description": "",
            "expression": "[Commerce.Date (Calendar)]",
            "format": "yyyy",
            "granularity": "Years",
            "name": "Years",
            "type": "datelevel",
          },
          {
            "__serializable": "DimensionalLevelAttribute",
            "composeCode": "DM.Commerce.Date.Quarters",
            "dataSource": {
              "live": false,
              "title": "Sample ECommerce",
            },
            "description": "",
            "expression": "[Commerce.Date (Calendar)]",
            "format": "Q yyyy",
            "granularity": "Quarters",
            "name": "Quarters",
            "type": "datelevel",
          },
          {
            "__serializable": "DimensionalLevelAttribute",
            "composeCode": "DM.Commerce.Date.Months",
            "dataSource": {
              "live": false,
              "title": "Sample ECommerce",
            },
            "description": "",
            "expression": "[Commerce.Date (Calendar)]",
            "format": "yyyy-MM",
            "granularity": "Months",
            "name": "Months",
            "type": "datelevel",
          },
          {
            "__serializable": "DimensionalLevelAttribute",
            "composeCode": "DM.Commerce.Date.Weeks",
            "dataSource": {
              "live": false,
              "title": "Sample ECommerce",
            },
            "description": "",
            "expression": "[Commerce.Date (Calendar)]",
            "format": "ww yyyy",
            "granularity": "Weeks",
            "name": "Weeks",
            "type": "datelevel",
          },
          {
            "__serializable": "DimensionalLevelAttribute",
            "composeCode": "DM.Commerce.Date.Days",
            "dataSource": {
              "live": false,
              "title": "Sample ECommerce",
            },
            "description": "",
            "expression": "[Commerce.Date (Calendar)]",
            "format": "yyyy-MM-dd",
            "granularity": "Days",
            "name": "Days",
            "type": "datelevel",
          },
          {
            "__serializable": "DimensionalLevelAttribute",
            "composeCode": "DM.Commerce.Date.Hours",
            "dataSource": {
              "live": false,
              "title": "Sample ECommerce",
            },
            "description": "",
            "expression": "[Commerce.Date (Calendar)]",
            "format": "yyyy-MM-dd HH:mm",
            "granularity": "Hours",
            "name": "Hours",
            "type": "datelevel",
          },
          {
            "__serializable": "DimensionalLevelAttribute",
            "composeCode": "DM.Commerce.Date.MinutesRoundTo30",
            "dataSource": {
              "live": false,
              "title": "Sample ECommerce",
            },
            "description": "",
            "expression": "[Commerce.Date (Calendar)]",
            "format": "yyyy-MM-dd HH:mm",
            "granularity": "MinutesRoundTo30",
            "name": "MinutesRoundTo30",
            "type": "datelevel",
          },
          {
            "__serializable": "DimensionalLevelAttribute",
            "composeCode": "DM.Commerce.Date.MinutesRoundTo15",
            "dataSource": {
              "live": false,
              "title": "Sample ECommerce",
            },
            "description": "",
            "expression": "[Commerce.Date (Calendar)]",
            "format": "yyyy-MM-dd HH:mm",
            "granularity": "MinutesRoundTo15",
            "name": "MinutesRoundTo15",
            "type": "datelevel",
          },
          {
            "__serializable": "DimensionalLevelAttribute",
            "composeCode": "DM.Commerce.Date.Minutes",
            "dataSource": {
              "live": false,
              "title": "Sample ECommerce",
            },
            "description": "",
            "expression": "[Commerce.Date (Calendar)]",
            "format": "yyyy-MM-dd HH:mm",
            "granularity": "Minutes",
            "name": "Minutes",
            "type": "datelevel",
          },
          {
            "__serializable": "DimensionalLevelAttribute",
            "composeCode": "DM.Commerce.Date.Seconds",
            "dataSource": {
              "live": false,
              "title": "Sample ECommerce",
            },
            "description": "",
            "expression": "[Commerce.Date (Calendar)]",
            "format": "yyyy-MM-dd HH:mm:ss",
            "granularity": "Seconds",
            "name": "Seconds",
            "type": "datelevel",
          },
          {
            "__serializable": "DimensionalLevelAttribute",
            "composeCode": "DM.Commerce.Date.AggHours",
            "dataSource": {
              "live": false,
              "title": "Sample ECommerce",
            },
            "description": "",
            "expression": "[Commerce.Date (Calendar)]",
            "format": "HH:mm",
            "granularity": "AggHours",
            "name": "AggHours",
            "type": "datelevel",
          },
          {
            "__serializable": "DimensionalLevelAttribute",
            "composeCode": "DM.Commerce.Date.AggMinutesRoundTo30",
            "dataSource": {
              "live": false,
              "title": "Sample ECommerce",
            },
            "description": "",
            "expression": "[Commerce.Date (Calendar)]",
            "format": "HH:mm",
            "granularity": "AggMinutesRoundTo30",
            "name": "AggMinutesRoundTo30",
            "type": "datelevel",
          },
          {
            "__serializable": "DimensionalLevelAttribute",
            "composeCode": "DM.Commerce.Date.AggMinutesRoundTo15",
            "dataSource": {
              "live": false,
              "title": "Sample ECommerce",
            },
            "description": "",
            "expression": "[Commerce.Date (Calendar)]",
            "format": "HH:mm",
            "granularity": "AggMinutesRoundTo15",
            "name": "AggMinutesRoundTo15",
            "type": "datelevel",
          },
          {
            "__serializable": "DimensionalLevelAttribute",
            "composeCode": "DM.Commerce.Date.AggMinutesRoundTo1",
            "dataSource": {
              "live": false,
              "title": "Sample ECommerce",
            },
            "description": "",
            "expression": "[Commerce.Date (Calendar)]",
            "format": "HH:mm",
            "granularity": "AggMinutesRoundTo1",
            "name": "AggMinutesRoundTo1",
            "type": "datelevel",
          },
        ],
        "composeCode": "DM.Commerce.Date",
        "dataSource": {
          "live": false,
          "title": "Sample ECommerce",
        },
        "description": "",
        "dimensions": [],
        "expression": "[Commerce.Date (Calendar)]",
        "name": "Date",
        "sort": 0,
        "type": "datedimension",
      },
    ],
    "expression": "Commerce",
    "name": "Commerce",
    "sort": 0,
    "type": "textdimension",
  },
  {
    "__serializable": "DimensionalDimension",
    "attributes": [
      {
        "__serializable": "DimensionalAttribute",
        "composeCode": "DM.Country.Country",
        "dataSource": {
          "live": false,
          "title": "Sample ECommerce",
        },
        "description": "",
        "expression": "[Country.Country]",
        "name": "Country",
        "type": "text-attribute",
      },
      {
        "__serializable": "DimensionalAttribute",
        "composeCode": "DM.Country.CountryID",
        "dataSource": {
          "live": false,
          "title": "Sample ECommerce",
        },
        "description": "",
        "expression": "[Country.Country ID]",
        "name": "Country ID",
        "type": "numeric-attribute",
      },
    ],
    "composeCode": "DM.ountr.",
    "dataSource": undefined,
    "description": "",
    "dimensions": [],
    "expression": "Country",
    "name": "Country",
    "sort": 0,
    "type": "textdimension",
  },
]
`;
