// Vitest Snapshot v1, https://vitest.dev/guide/snapshot.html

exports[`areamap - data options translators > translateDataOptionsToInternal > should return an object with geo and color properties 1`] = `
{
  "color": {
    "color": {
      "maxColor": "#ff0000",
      "minColor": "#ffab03",
      "steps": 9,
      "type": "range",
    },
    "column": {
      "__serializable": "DimensionalBaseMeasure",
      "aggregation": "sum",
      "attribute": {
        "__serializable": "DimensionalAttribute",
        "composeCode": "DM.Commerce.Cost",
        "dataSource": {
          "live": false,
          "title": "Sample ECommerce",
        },
        "description": "",
        "expression": "[Commerce.Cost]",
        "name": "Cost",
        "type": "numeric-attribute",
      },
      "composeCode": "measureFactory.sum(DM.Commerce.Cost)",
      "dataSource": undefined,
      "description": "",
      "name": "sum Cost",
      "sort": 0,
      "type": "basemeasure",
    },
    "enabled": true,
  },
  "geo": {
    "column": {
      "__serializable": "DimensionalAttribute",
      "composeCode": "DM.Country.Country",
      "dataSource": {
        "live": false,
        "title": "Sample ECommerce",
      },
      "description": "",
      "expression": "[Country.Country]",
      "name": "Country",
      "type": "text-attribute",
    },
    "isColored": false,
  },
}
`;
