// Vitest Snapshot v1, https://vitest.dev/guide/snapshot.html

exports[`usePivotTableDataOptionsInternal > should correctly translate dataOptions into internalDataOptions 1`] = `
{
  "columns": [
    {
      "column": {
        "__serializable": "DimensionalElement",
        "dataSource": undefined,
        "desc": "",
        "expression": "[Commerce.Gender]",
        "name": "Gender",
        "type": "text-attribute",
      },
      "dateFormat": undefined,
      "includeSubTotals": true,
    },
  ],
  "grandTotals": {
    "columns": true,
    "rows": true,
    "title": "Grand Total",
  },
  "rows": [
    {
      "column": {
        "__serializable": "DimensionalElement",
        "dataSource": undefined,
        "desc": "",
        "expression": "[Category.Category]",
        "name": "Category",
        "type": "text-attribute",
      },
      "dateFormat": undefined,
      "includeSubTotals": true,
      "sortType": "sortAsc",
    },
    {
      "column": {
        "__serializable": "DimensionalElement",
        "dataSource": undefined,
        "desc": "",
        "expression": "[Commerce.Age Range]",
        "name": "Age Range",
        "type": "text-attribute",
      },
      "dateFormat": undefined,
      "includeSubTotals": true,
      "sortType": {
        "by": {
          "columnsMembersPath": [
            "Male",
          ],
          "valuesIndex": 0,
        },
        "direction": "sortDesc",
      },
    },
    {
      "column": {
        "__serializable": "DimensionalElement",
        "dataSource": undefined,
        "desc": "",
        "expression": "[Commerce.Condition]",
        "name": "Condition",
        "type": "text-attribute",
      },
      "dateFormat": undefined,
    },
  ],
  "values": [
    {
      "column": {
        "__serializable": "DimensionalElement",
        "aggregation": "sum",
        "attribute": {
          "__serializable": "DimensionalElement",
          "dataSource": undefined,
          "desc": "",
          "expression": "[Commerce.Cost]",
          "name": "Cost",
          "type": "numeric-attribute",
        },
        "dataSource": undefined,
        "desc": "",
        "name": "Total Cost",
        "sort": 0,
        "type": "basemeasure",
      },
      "dataBars": true,
      "enabled": true,
      "totalsCalculation": "sum",
    },
    {
      "column": {
        "__serializable": "DimensionalElement",
        "aggregation": "sum",
        "attribute": {
          "__serializable": "DimensionalElement",
          "dataSource": undefined,
          "desc": "",
          "expression": "[Commerce.Revenue]",
          "name": "Revenue",
          "type": "numeric-attribute",
        },
        "dataSource": undefined,
        "desc": "",
        "name": "Total Revenue",
        "sort": 0,
        "type": "basemeasure",
      },
      "enabled": true,
      "totalsCalculation": "sum",
    },
  ],
}
`;
